d:\linh tinh\cpp base\bai_tap_on_tap_00_07\gmpasstool\gmpasstool\x64\release\gmpasstool.pch
d:\linh tinh\cpp base\bai_tap_on_tap_00_07\gmpasstool\gmpasstool\x64\release\vc143.pdb
d:\linh tinh\cpp base\bai_tap_on_tap_00_07\gmpasstool\gmpasstool\x64\release\pch.obj
d:\linh tinh\cpp base\bai_tap_on_tap_00_07\gmpasstool\gmpasstool\x64\release\gmpasstooldlg.obj
d:\linh tinh\cpp base\bai_tap_on_tap_00_07\gmpasstool\gmpasstool\x64\release\gmpasstool.obj
d:\linh tinh\cpp base\bai_tap_on_tap_00_07\gmpasstool\x64\release\gmpasstool.exe
d:\linh tinh\cpp base\bai_tap_on_tap_00_07\gmpasstool\x64\release\gmpasstool.pdb
d:\linh tinh\cpp base\bai_tap_on_tap_00_07\gmpasstool\gmpasstool\x64\release\gmpasstool.res
d:\linh tinh\cpp base\bai_tap_on_tap_00_07\gmpasstool\gmpasstool\x64\release\gmpasstool.ipdb
d:\linh tinh\cpp base\bai_tap_on_tap_00_07\gmpasstool\gmpasstool\x64\release\gmpasstool.iobj
d:\linh tinh\cpp base\bai_tap_on_tap_00_07\gmpasstool\gmpasstool\x64\release\gmpasstool.tlog\cl.command.1.tlog
d:\linh tinh\cpp base\bai_tap_on_tap_00_07\gmpasstool\gmpasstool\x64\release\gmpasstool.tlog\cl.items.tlog
d:\linh tinh\cpp base\bai_tap_on_tap_00_07\gmpasstool\gmpasstool\x64\release\gmpasstool.tlog\cl.read.1.tlog
d:\linh tinh\cpp base\bai_tap_on_tap_00_07\gmpasstool\gmpasstool\x64\release\gmpasstool.tlog\cl.write.1.tlog
d:\linh tinh\cpp base\bai_tap_on_tap_00_07\gmpasstool\gmpasstool\x64\release\gmpasstool.tlog\link.command.1.tlog
d:\linh tinh\cpp base\bai_tap_on_tap_00_07\gmpasstool\gmpasstool\x64\release\gmpasstool.tlog\link.read.1.tlog
d:\linh tinh\cpp base\bai_tap_on_tap_00_07\gmpasstool\gmpasstool\x64\release\gmpasstool.tlog\link.secondary.1.tlog
d:\linh tinh\cpp base\bai_tap_on_tap_00_07\gmpasstool\gmpasstool\x64\release\gmpasstool.tlog\link.write.1.tlog
d:\linh tinh\cpp base\bai_tap_on_tap_00_07\gmpasstool\gmpasstool\x64\release\gmpasstool.tlog\rc.command.1.tlog
d:\linh tinh\cpp base\bai_tap_on_tap_00_07\gmpasstool\gmpasstool\x64\release\gmpasstool.tlog\rc.read.1.tlog
d:\linh tinh\cpp base\bai_tap_on_tap_00_07\gmpasstool\gmpasstool\x64\release\gmpasstool.tlog\rc.write.1.tlog
